// Jest Snapshot v1, https://goo.gl/fbAQLP

exports[`React-Redux Component renders should render with given state from Redux store 1`] = `
<div
  className="ant-spin ant-spin-lg ant-spin-spinning ant-spin-show-text spinner"
>
  <span
    className="ant-spin-dot ant-spin-dot-spin"
  >
    <i
      className="ant-spin-dot-item"
    />
    <i
      className="ant-spin-dot-item"
    />
    <i
      className="ant-spin-dot-item"
    />
    <i
      className="ant-spin-dot-item"
    />
  </span>
  <div
    className="ant-spin-text"
  >
    Loading...
  </div>
</div>
`;

exports[`renders correctly 1`] = `
<div>
  <div
    className="keyboard"
    key="0"
  >
    <Button
      className="keyboard-key"
      disabled={false}
      key="a"
      onClick={[Function]}
    >
      a
    </Button>
    <Button
      className="keyboard-key"
      disabled={false}
      key="b"
      onClick={[Function]}
    >
      b
    </Button>
    <Button
      className="keyboard-key"
      disabled={false}
      key="c"
      onClick={[Function]}
    >
      c
    </Button>
    <Button
      className="keyboard-key"
      disabled={false}
      key="d"
      onClick={[Function]}
    >
      d
    </Button>
    <Button
      className="keyboard-key"
      disabled={false}
      key="e"
      onClick={[Function]}
    >
      e
    </Button>
    <Button
      className="keyboard-key"
      disabled={false}
      key="f"
      onClick={[Function]}
    >
      f
    </Button>
    <Button
      className="keyboard-key"
      disabled={false}
      key="g"
      onClick={[Function]}
    >
      g
    </Button>
  </div>
  <div
    className="keyboard"
    key="1"
  >
    <Button
      className="keyboard-key"
      disabled={false}
      key="h"
      onClick={[Function]}
    >
      h
    </Button>
    <Button
      className="keyboard-key"
      disabled={false}
      key="i"
      onClick={[Function]}
    >
      i
    </Button>
    <Button
      className="keyboard-key"
      disabled={false}
      key="j"
      onClick={[Function]}
    >
      j
    </Button>
    <Button
      className="keyboard-key"
      disabled={false}
      key="k"
      onClick={[Function]}
    >
      k
    </Button>
    <Button
      className="keyboard-key"
      disabled={false}
      key="l"
      onClick={[Function]}
    >
      l
    </Button>
    <Button
      className="keyboard-key"
      disabled={false}
      key="m"
      onClick={[Function]}
    >
      m
    </Button>
    <Button
      className="keyboard-key"
      disabled={false}
      key="n"
      onClick={[Function]}
    >
      n
    </Button>
  </div>
  <div
    className="keyboard"
    key="2"
  >
    <Button
      className="keyboard-key"
      disabled={false}
      key="o"
      onClick={[Function]}
    >
      o
    </Button>
    <Button
      className="keyboard-key"
      disabled={false}
      key="p"
      onClick={[Function]}
    >
      p
    </Button>
    <Button
      className="keyboard-key"
      disabled={false}
      key="q"
      onClick={[Function]}
    >
      q
    </Button>
    <Button
      className="keyboard-key"
      disabled={false}
      key="r"
      onClick={[Function]}
    >
      r
    </Button>
    <Button
      className="keyboard-key"
      disabled={false}
      key="s"
      onClick={[Function]}
    >
      s
    </Button>
    <Button
      className="keyboard-key"
      disabled={false}
      key="t"
      onClick={[Function]}
    >
      t
    </Button>
    <Button
      className="keyboard-key"
      disabled={false}
      key="u"
      onClick={[Function]}
    >
      u
    </Button>
  </div>
  <div
    className="keyboard"
    key="3"
  >
    <Button
      className="keyboard-key"
      disabled={false}
      key="v"
      onClick={[Function]}
    >
      v
    </Button>
    <Button
      className="keyboard-key"
      disabled={false}
      key="w"
      onClick={[Function]}
    >
      w
    </Button>
    <Button
      className="keyboard-key"
      disabled={false}
      key="x"
      onClick={[Function]}
    >
      x
    </Button>
    <Button
      className="keyboard-key"
      disabled={false}
      key="y"
      onClick={[Function]}
    >
      y
    </Button>
    <Button
      className="keyboard-key"
      disabled={false}
      key="z"
      onClick={[Function]}
    >
      z
    </Button>
  </div>
</div>
`;
